[INFO] Scanning for projects...
[INFO] 
[INFO] -----------------------< edu.casas:budgetbuddy >------------------------
[INFO] Building budgetbuddy 0.0.1-SNAPSHOT
[INFO]   from pom.xml
[INFO] --------------------------------[ jar ]---------------------------------
[INFO] 
[INFO] --- jacoco:0.8.12:prepare-agent (default) @ budgetbuddy ---
[INFO] argLine set to -javaagent:C:\\Users\\UJser\\.m2\\repository\\org\\jacoco\\org.jacoco.agent\\0.8.12\\org.jacoco.agent-0.8.12-runtime.jar=destfile=E:\\IT342_Casas_BudgetBuddy-main\\backend\\budgetbuddy\\target\\jacoco.exec
[INFO] 
[INFO] --- resources:3.3.1:resources (default-resources) @ budgetbuddy ---
[INFO] Copying 1 resource from src\main\resources to target\classes
[INFO] Copying 1 resource from src\main\resources to target\classes
[INFO] 
[INFO] --- compiler:3.14.1:compile (default-compile) @ budgetbuddy ---
[INFO] Nothing to compile - all classes are up to date.
[INFO] 
[INFO] --- resources:3.3.1:testResources (default-testResources) @ budgetbuddy ---
[INFO] skip non existing resourceDirectory E:\IT342_Casas_BudgetBuddy-main\backend\budgetbuddy\src\test\resources
[INFO] 
[INFO] --- compiler:3.14.1:testCompile (default-testCompile) @ budgetbuddy ---
[INFO] Nothing to compile - all classes are up to date.
[INFO] 
[INFO] --- surefire:3.5.4:test (default-test) @ budgetbuddy ---
[INFO] Using auto detected provider org.apache.maven.surefire.junitplatform.JUnitPlatformProvider
[INFO] 
[INFO] -------------------------------------------------------
[INFO]  T E S T S
[INFO] -------------------------------------------------------
[INFO] Running edu.casas.budgetbuddy.auth.AuthIntegrationTest
19:14:30.019 [main] INFO org.springframework.test.context.support.AnnotationConfigContextLoaderUtils -- Could not detect default configuration classes for test class [edu.casas.budgetbuddy.auth.AuthIntegrationTest]: AuthIntegrationTest does not declare any static, non-private, non-final, nested classes annotated with @Configuration.
19:14:30.489 [main] INFO org.springframework.boot.test.context.SpringBootTestContextBootstrapper -- Found @SpringBootConfiguration edu.casas.budgetbuddy.BudgetbuddyApplication for test class edu.casas.budgetbuddy.auth.AuthIntegrationTest
19:14:31.865 [main] INFO org.springframework.boot.devtools.restart.RestartApplicationListener -- Restart disabled due to context in which it is running

  .   ____          _            __ _ _
 /\\ / ___'_ __ _ _(_)_ __  __ _ \ \ \ \
( ( )\___ | '_ | '_| | '_ \/ _` | \ \ \ \
 \\/  ___)| |_)| | | | | || (_| |  ) ) ) )
  '  |____| .__|_| |_|_| |_\__, | / / / /
 =========|_|==============|___/=/_/_/_/

 :: Spring Boot ::               (v3.5.11)

2026-05-09T19:14:32.923+08:00  INFO 13228 --- [           main] e.c.b.auth.AuthIntegrationTest           : Starting AuthIntegrationTest using Java 17.0.17 with PID 13228 (started by UJser in E:\IT342_Casas_BudgetBuddy-main\backend\budgetbuddy)
2026-05-09T19:14:32.927+08:00  INFO 13228 --- [           main] e.c.b.auth.AuthIntegrationTest           : No active profile set, falling back to 1 default profile: "default"
2026-05-09T19:14:36.126+08:00  WARN 13228 --- [           main] .s.s.UserDetailsServiceAutoConfiguration : 

Using generated security password: 4a9b7b7d-f954-4f75-8056-82db25ea4838

This generated password is for development use only. Your security configuration must be updated before running your application in production.

2026-05-09T19:14:36.151+08:00  INFO 13228 --- [           main] r$InitializeUserDetailsManagerConfigurer : Global AuthenticationManager configured with UserDetailsService bean with name inMemoryUserDetailsManager
2026-05-09T19:14:37.841+08:00  INFO 13228 --- [           main] o.s.b.t.m.w.SpringBootMockServletContext : Initializing Spring TestDispatcherServlet ''
2026-05-09T19:14:37.841+08:00  INFO 13228 --- [           main] o.s.t.web.servlet.TestDispatcherServlet  : Initializing Servlet ''
2026-05-09T19:14:37.844+08:00  INFO 13228 --- [           main] o.s.t.web.servlet.TestDispatcherServlet  : Completed initialization in 2 ms
2026-05-09T19:14:37.906+08:00  INFO 13228 --- [           main] e.c.b.auth.AuthIntegrationTest           : Started AuthIntegrationTest in 6.086 seconds (process running for 10.691)
OpenJDK 64-Bit Server VM warning: Sharing is only supported for boot loader classes because bootstrap classpath has been appended
[INFO] Tests run: 11, Failures: 0, Errors: 0, Skipped: 0, Time elapsed: 12.42 s -- in edu.casas.budgetbuddy.auth.AuthIntegrationTest
[INFO] Running edu.casas.budgetbuddy.BudgetbuddyApplicationTests
2026-05-09T19:14:41.793+08:00  INFO 13228 --- [           main] t.c.s.AnnotationConfigContextLoaderUtils : Could not detect default configuration classes for test class [edu.casas.budgetbuddy.BudgetbuddyApplicationTests]: BudgetbuddyApplicationTests does not declare any static, non-private, non-final, nested classes annotated with @Configuration.
2026-05-09T19:14:41.820+08:00  INFO 13228 --- [           main] .b.t.c.SpringBootTestContextBootstrapper : Found @SpringBootConfiguration edu.casas.budgetbuddy.BudgetbuddyApplication for test class edu.casas.budgetbuddy.BudgetbuddyApplicationTests
2026-05-09T19:14:41.841+08:00  INFO 13228 --- [           main] o.s.b.d.r.RestartApplicationListener     : Restart disabled due to context in which it is running

  .   ____          _            __ _ _
 /\\ / ___'_ __ _ _(_)_ __  __ _ \ \ \ \
( ( )\___ | '_ | '_| | '_ \/ _` | \ \ \ \
 \\/  ___)| |_)| | | | | || (_| |  ) ) ) )
  '  |____| .__|_| |_|_| |_\__, | / / / /
 =========|_|==============|___/=/_/_/_/

 :: Spring Boot ::               (v3.5.11)

2026-05-09T19:14:41.894+08:00  INFO 13228 --- [           main] e.c.b.BudgetbuddyApplicationTests        : Starting BudgetbuddyApplicationTests using Java 17.0.17 with PID 13228 (started by UJser in E:\IT342_Casas_BudgetBuddy-main\backend\budgetbuddy)
2026-05-09T19:14:41.895+08:00  INFO 13228 --- [           main] e.c.b.BudgetbuddyApplicationTests        : No active profile set, falling back to 1 default profile: "default"
2026-05-09T19:14:42.472+08:00  WARN 13228 --- [           main] .s.s.UserDetailsServiceAutoConfiguration : 

Using generated security password: befe5aef-ddfb-4aeb-a343-7ae049ffcad9

This generated password is for development use only. Your security configuration must be updated before running your application in production.

2026-05-09T19:14:42.474+08:00  INFO 13228 --- [           main] r$InitializeUserDetailsManagerConfigurer : Global AuthenticationManager configured with UserDetailsService bean with name inMemoryUserDetailsManager
2026-05-09T19:14:42.762+08:00  INFO 13228 --- [           main] e.c.b.BudgetbuddyApplicationTests        : Started BudgetbuddyApplicationTests in 0.922 seconds (process running for 15.546)
[INFO] Tests run: 1, Failures: 0, Errors: 0, Skipped: 0, Time elapsed: 0.988 s -- in edu.casas.budgetbuddy.BudgetbuddyApplicationTests
[INFO] Running edu.casas.budgetbuddy.groups.GroupsIntegrationTest
2026-05-09T19:14:42.794+08:00  INFO 13228 --- [           main] t.c.s.AnnotationConfigContextLoaderUtils : Could not detect default configuration classes for test class [edu.casas.budgetbuddy.groups.GroupsIntegrationTest]: GroupsIntegrationTest does not declare any static, non-private, non-final, nested classes annotated with @Configuration.
2026-05-09T19:14:42.826+08:00  INFO 13228 --- [           main] .b.t.c.SpringBootTestContextBootstrapper : Found @SpringBootConfiguration edu.casas.budgetbuddy.BudgetbuddyApplication for test class edu.casas.budgetbuddy.groups.GroupsIntegrationTest
[INFO] Tests run: 11, Failures: 0, Errors: 0, Skipped: 0, Time elapsed: 1.982 s -- in edu.casas.budgetbuddy.groups.GroupsIntegrationTest
[INFO] Running edu.casas.budgetbuddy.sharedexpenses.SharedExpensesIntegrationTest
2026-05-09T19:14:44.776+08:00  INFO 13228 --- [           main] t.c.s.AnnotationConfigContextLoaderUtils : Could not detect default configuration classes for test class [edu.casas.budgetbuddy.sharedexpenses.SharedExpensesIntegrationTest]: SharedExpensesIntegrationTest does not declare any static, non-private, non-final, nested classes annotated with @Configuration.
2026-05-09T19:14:44.801+08:00  INFO 13228 --- [           main] .b.t.c.SpringBootTestContextBootstrapper : Found @SpringBootConfiguration edu.casas.budgetbuddy.BudgetbuddyApplication for test class edu.casas.budgetbuddy.sharedexpenses.SharedExpensesIntegrationTest
[INFO] Tests run: 11, Failures: 0, Errors: 0, Skipped: 0, Time elapsed: 3.448 s -- in edu.casas.budgetbuddy.sharedexpenses.SharedExpensesIntegrationTest
[INFO] Running edu.casas.budgetbuddy.transactions.TransactionsIntegrationTest
2026-05-09T19:14:48.225+08:00  INFO 13228 --- [           main] t.c.s.AnnotationConfigContextLoaderUtils : Could not detect default configuration classes for test class [edu.casas.budgetbuddy.transactions.TransactionsIntegrationTest]: TransactionsIntegrationTest does not declare any static, non-private, non-final, nested classes annotated with @Configuration.
2026-05-09T19:14:48.240+08:00  INFO 13228 --- [           main] .b.t.c.SpringBootTestContextBootstrapper : Found @SpringBootConfiguration edu.casas.budgetbuddy.BudgetbuddyApplication for test class edu.casas.budgetbuddy.transactions.TransactionsIntegrationTest
[INFO] Tests run: 8, Failures: 0, Errors: 0, Skipped: 0, Time elapsed: 0.984 s -- in edu.casas.budgetbuddy.transactions.TransactionsIntegrationTest
[INFO] 
[INFO] Results:
[INFO] 
[INFO] Tests run: 42, Failures: 0, Errors: 0, Skipped: 0
[INFO] 
[INFO] 
[INFO] --- jacoco:0.8.12:report (report) @ budgetbuddy ---
[INFO] Loading execution data file E:\IT342_Casas_BudgetBuddy-main\backend\budgetbuddy\target\jacoco.exec
[INFO] Analyzed bundle 'budgetbuddy' with 46 classes
[INFO] ------------------------------------------------------------------------
[INFO] BUILD SUCCESS
[INFO] ------------------------------------------------------------------------
[INFO] Total time:  26.734 s
[INFO] Finished at: 2026-05-09T19:14:50+08:00
[INFO] ------------------------------------------------------------------------
